bonneville-salt-flats-adventure now:12.4 fold:12.4 short:12.4 lists:11.8 photos:11.8
salt-lake-antelope-island-dark-sky-experience now:11.8 fold:11.8 short:11.8 lists:11.5 photos:11.5
snowbird-summer-excursion-day-tour now:12.9 fold:12.9 short:12.9 lists:12.3 photos:11.4
zion-3-day-getaway now:11.8 fold:9.8 short:10.6 lists:11.8 photos:10.5
kanarra-falls now:12.2 fold:12.2 short:12.2 lists:11.9 photos:10.7
1-day-great-salt-lake-and-antelope-island-tour now:16.2 fold:16.2 short:16.2 lists:14.9 photos:14.0
park-city-olympic-tour now:13.6 fold:13.6 short:13.6 lists:13.0 photos:12.1
cascade-falls-hike now:11.2 fold:11.2 short:11.2 lists:11.2 photos:10.0
gems-of-southeast-europe-christmas-markets now:23.2 fold:14.3 short:17.6 lists:23.2 photos:23.2
ama-paris-normandy now:20.2 fold:13.3 short:15.7 lists:20.2 photos:19.8
amawaterways-captivating-rhine-amalucia now:23.6 fold:13.2 short:17.1 lists:23.6 photos:23.6
zion-virgin-river-narrows-hiking now:12.1 fold:12.1 short:12.1 lists:12.1 photos:10.9
zion-park-1-day-tour now:13.1 fold:11.0 short:11.2 lists:12.7 photos:11.5
zion-bryce-canyon-1-day-tour-from-southern-utah now:12.4 fold:12.4 short:12.4 lists:12.1 photos:10.9
bryce-canyon-1-day-tour now:12.3 fold:10.7 short:10.9 lists:11.9 photos:10.7
3-parks-in-4-days now:13.3 fold:10.5 short:11.6 lists:13.3 photos:12.1
1-day-canyonlands-tour-from-salt-lake-city now:11.8 fold:11.0 short:11.2 lists:11.8 photos:10.2
ama-secrets-of-egypt-the-nile-river-cruise now:34.8 fold:23.0 short:26.3 lists:34.8 photos:34.7
1-day-arches-np-tour-from-salt-lake-city now:12.7 fold:12.7 short:12.7 lists:12.7 photos:11.5
bryce-canyon-1-day-tour-from-vegas-or-salt-lake now:12.1 fold:12.1 short:12.1 lists:12.1 photos:10.9
1-day-arches-canyonlands-from-salt-lake-city now:12.5 fold:11.4 short:11.6 lists:12.4 photos:10.5
tucson-adventure now:17.5 fold:12.2 short:14.1 lists:17.5 photos:16.6
backpacking-yosemite-half-dome-mono-meadows now:18.0 fold:14.9 short:16.0 lists:17.9 photos:17.0
backpacking-yosemite-half-dome-happy-isles now:17.7 fold:15.0 short:16.0 lists:17.7 photos:16.8
5-day-jackson-hole-national-parks-tour now:15.3 fold:11.2 short:12.5 lists:15.0 photos:14.1
backpacking-yosemite-tuolumne-river-guided-trip now:21.3 fold:14.1 short:15.4 lists:20.3 photos:19.4
mighty-5-utah-from-las-vegas now:25.3 fold:21.3 short:22.9 lists:23.3 photos:21.0
mormon-battalion-the-california-saints-tour now:22.7 fold:13.6 short:16.6 lists:21.7 photos:20.8
large-group-tour-utahs-mighty-5-national-parks now:19.0 fold:13.9 short:16.1 lists:17.9 photos:16.7
zion-bryce-canyon-2-day-getaway now:12.9 fold:10.7 short:11.3 lists:12.7 photos:11.5
grand-canyon-backpacking-escalante-route now:18.3 fold:15.3 short:16.4 lists:18.0 photos:16.8
backpacking-yosemite-half-dome-cathedral-lakes now:24.1 fold:15.4 short:16.9 lists:24.1 photos:23.2
grand-canyon-traveler now:15.6 fold:11.4 short:12.3 lists:15.7 photos:14.4
self-drive-sedona-grand-canyon now:13.3 fold:11.0 short:12.0 lists:13.3 photos:12.1
large-group-tour-grand-teton-and-yellowstone-explorer now:19.6 fold:13.5 short:15.9 lists:18.0 photos:17.2
backpacking-yosemite-ten-lakes now:20.7 fold:15.1 short:16.1 lists:19.8 photos:18.9
the-great-american-west-cowboy-tour now:19.2 fold:12.5 short:15.0 lists:18.3 photos:17.1
backpacking-rocky-mountain-west-side-lakes now:21.2 fold:15.1 short:16.1 lists:19.8 photos:18.9
texas-heritage-heroes-military-history-culture-tour now:21.9 fold:14.7 short:17.2 lists:19.9 photos:19.2
large-group-tour-oregon-coast-south now:18.9 fold:12.7 short:15.2 lists:18.0 photos:16.8
large-group-tour-colorado-national-parks now:19.4 fold:12.9 short:15.4 lists:18.8 photos:18.1
jackson-snowmobile-adventure now:21.1 fold:15.2 short:17.1 lists:19.6 photos:19.0
self-drive-canyons now:14.7 fold:11.6 short:12.8 lists:14.7 photos:13.4
canyons-of-the-escalante now:27.2 fold:17.6 short:19.6 lists:25.7 photos:24.5
albuquerque-balloon-fiesta now:22.5 fold:13.1 short:15.2 lists:22.0 photos:21.3
yellowstone-grand-teton-winter-adventure now:24.7 fold:17.7 short:20.0 lists:22.4 photos:21.6
black-hills-of-south-dakota now:26.3 fold:16.9 short:18.8 lists:24.4 photos:24.0
west-bound-mormon-trail-tour now:25.3 fold:14.2 short:17.3 lists:24.8 photos:23.6
grand-teton-yellowstone-explorer now:27.2 fold:20.6 short:23.1 lists:25.2 photos:24.3
northern-lights-alaska now:27.0 fold:20.2 short:22.1 lists:25.0 photos:23.8
self-drive-tour-utah-mighty-5 now:14.7 fold:12.1 short:13.1 lists:14.7 photos:13.5
mighty-5-utah-from-salt-lake-city now:36.1 fold:23.0 short:25.7 lists:33.9 photos:31.6
death-valley-joshua-tree-tour now:25.0 fold:17.3 short:19.6 lists:23.2 photos:22.3
glacier-national-park now:24.3 fold:18.5 short:20.7 lists:22.2 photos:21.7
oregon-south-tour now:20.6 fold:14.0 short:16.2 lists:18.5 photos:18.1
trail-of-the-ancients now:27.4 fold:17.2 short:19.7 lists:26.2 photos:24.9
oregon-coast-crater-lake now:31.3 fold:19.0 short:21.6 lists:29.2 photos:27.1
national-parks-of-colorado now:28.0 fold:17.9 short:20.4 lists:25.8 photos:24.4
arizona-adventure now:27.9 fold:19.3 short:21.6 lists:25.7 photos:24.2
railroads-of-the-old-west now:27.4 fold:17.5 short:19.7 lists:25.0 photos:24.1
vore-buffalo-jump-and-the-black-hills-ancient-odysseys now:21.1 fold:13.1 short:15.1 lists:20.5 photos:19.6
self-drive-best-of-the-southwest now:16.7 fold:12.6 short:14.1 lists:16.7 photos:15.5
st-george-dinosaurs-ancient-odysseys now:23.8 fold:15.5 short:17.5 lists:23.0 photos:21.8
oahu-island-experience now:20.8 fold:16.0 short:18.1 lists:18.9 photos:17.7
self-drive-tour-grand-circle now:16.6 fold:12.7 short:14.2 lists:16.6 photos:15.4
olympic-national-park-and-the-pacific-northwest now:25.9 fold:15.3 short:17.9 lists:24.0 photos:23.9
yosemite-sequoia-california-coast now:24.9 fold:18.3 short:20.8 lists:23.0 photos:21.2
self-drive-moab-adventure now:22.5 fold:14.0 short:15.5 lists:22.2 photos:21.0
canadian-atlantic-experience now:25.0 fold:16.2 short:19.5 lists:23.5 photos:22.7
route-66-westbound now:28.5 fold:15.6 short:18.9 lists:26.3 photos:25.9
route-66-eastbound now:37.6 fold:17.2 short:21.0 lists:35.5 photos:34.1
grand-circle-experience-tours-grand-canyon-national-park now:33.4 fold:23.1 short:26.7 lists:30.9 photos:29.6
maui-hawaii-island-combo now:28.6 fold:16.1 short:19.2 lists:26.3 photos:25.9
magnificent-alaska now:29.6 fold:18.2 short:21.1 lists:28.0 photos:26.7
