/departing-from/ dead 320 of 1969 worstGap 1193 [{"y":1699,"h":440,"gap":901}]
/destinations/ dead 160 of 3074 worstGap 1210 [{"y":879,"h":160,"gap":1000}]
/deals/ dead 600 of 1317 worstGap 1259 [{"y":599,"h":880,"gap":1259}]
/find/ dead 300 of 13654 worstGap 1226 [{"y":219,"h":280,"gap":1226}]
/trips/ dead 40 of 1681 worstGap 1221 []
/ dead 260 of 7992 worstGap 1286 [{"y":3139,"h":140,"gap":1117}]
/map/ dead 0 of 935 worstGap 0 []
/tours/bonneville-salt-flats-adventure/ dead 2000 of 5424 worstGap 1234 [{"y":2919,"h":1480,"gap":1195},{"y":2039,"h":560,"gap":1234}]
/tours/1-day-great-salt-lake-and-antelope-island-tour/ dead 3280 of 7906 worstGap 1296 [{"y":5019,"h":1180,"gap":1137},{"y":3459,"h":840,"gap":1195}]
/custom-tours/ dead 340 of 4813 worstGap 1197 [{"y":2979,"h":280,"gap":981}]
/tours/salt-lake-antelope-island-dark-sky-experience/ dead 2180 of 5401 worstGap 1278 [{"y":3099,"h":1280,"gap":1195},{"y":2259,"h":520,"gap":1237}]
/tours/snowbird-summer-excursion-day-tour/ dead 1860 of 6141 worstGap 1267 [{"y":2799,"h":980,"gap":1267},{"y":1779,"h":540,"gap":1234}]
/tours/park-city-olympic-tour/ dead 2440 of 6911 worstGap 1269 [{"y":4539,"h":1000,"gap":1137},{"y":3019,"h":800,"gap":1257}]
/tours/kanarra-falls/ dead 1860 of 6528 worstGap 1251 [{"y":4439,"h":720,"gap":1137},{"y":2579,"h":620,"gap":1195}]
/tours/zion-3-day-getaway/ dead 460 of 5816 worstGap 1234 [{"y":5659,"h":320,"gap":1234},{"y":2359,"h":100,"gap":1155}]
/tours/gems-of-southeast-europe-christmas-markets/ dead 4820 of 11346 worstGap 1272 [{"y":7079,"h":1060,"gap":1223},{"y":5859,"h":740,"gap":1272}]
/tours/ama-paris-normandy/ dead 3480 of 9731 worstGap 1288 [{"y":6719,"h":1160,"gap":1220},{"y":6119,"h":560,"gap":1278}]
/tours/amawaterways-captivating-rhine-amalucia/ dead 4100 of 11518 worstGap 1250 [{"y":8719,"h":1180,"gap":1223},{"y":3859,"h":480,"gap":1215}]
/tours/zion-virgin-river-narrows-hiking/ dead 600 of 5566 worstGap 1234 [{"y":5399,"h":340,"gap":1234},{"y":2239,"h":100,"gap":748}]
/tours/zion-park-1-day-tour/ dead 1220 of 6730 worstGap 1251 [{"y":3439,"h":680,"gap":1195},{"y":6559,"h":340,"gap":1234}]
/tours/cascade-falls-hike/ dead 960 of 5492 worstGap 1251 [{"y":2399,"h":480,"gap":1195},{"y":5339,"h":320,"gap":1234}]
/tours/ama-secrets-of-egypt-the-nile-river-cruise/ dead 7040 of 17947 worstGap 1305 [{"y":9979,"h":1120,"gap":1219},{"y":6059,"h":560,"gap":1302}]
/tours/zion-bryce-canyon-1-day-tour-from-southern-utah/ dead 1060 of 5911 worstGap 1251 [{"y":2599,"h":700,"gap":1195},{"y":5739,"h":340,"gap":1234}]
/tours/bryce-canyon-1-day-tour/ dead 1000 of 6194 worstGap 1234 [{"y":2899,"h":680,"gap":1195},{"y":6039,"h":320,"gap":1234}]
/tours/3-parks-in-4-days/ dead 780 of 6514 worstGap 1294 [{"y":3439,"h":460,"gap":1195},{"y":6359,"h":320,"gap":1234}]
/tours/1-day-arches-np-tour-from-salt-lake-city/ dead 1860 of 6682 worstGap 1251 [{"y":4599,"h":700,"gap":1137},{"y":2899,"h":460,"gap":1195}]
/tours/bryce-canyon-1-day-tour-from-vegas-or-salt-lake/ dead 1100 of 5959 worstGap 1271 [{"y":2199,"h":780,"gap":1271},{"y":5799,"h":320,"gap":1234}]
/tours/1-day-canyonlands-tour-from-salt-lake-city/ dead 1020 of 5634 worstGap 1251 [{"y":2219,"h":800,"gap":1251},{"y":5479,"h":320,"gap":1234}]
/tours/1-day-arches-canyonlands-from-salt-lake-city/ dead 940 of 6352 worstGap 1251 [{"y":2459,"h":480,"gap":1251},{"y":6199,"h":320,"gap":1234}]
/tours/tucson-adventure/ dead 4140 of 9519 worstGap 1275 [{"y":3599,"h":1980,"gap":1275},{"y":7159,"h":980,"gap":1137}]
/tours/backpacking-yosemite-half-dome-mono-meadows/ dead 4040 of 9596 worstGap 1264 [{"y":3219,"h":1680,"gap":1264},{"y":7239,"h":980,"gap":1137}]
/tours/backpacking-yosemite-half-dome-happy-isles/ dead 3940 of 9572 worstGap 1264 [{"y":3219,"h":1660,"gap":1264},{"y":7199,"h":1000,"gap":1137}]
/tours/5-day-jackson-hole-national-parks-tour/ dead 1800 of 7917 worstGap 1270 [{"y":4879,"h":660,"gap":1270},{"y":4059,"h":480,"gap":1251}]
/tours/mighty-5-utah-from-las-vegas/ dead 2680 of 11690 worstGap 1251 [{"y":8859,"h":560,"gap":1251},{"y":1659,"h":400,"gap":1103}]
/tours/mormon-battalion-the-california-saints-tour/ dead 3560 of 11415 worstGap 1274 [{"y":9039,"h":1000,"gap":1137},{"y":5039,"h":620,"gap":1274}]
/tours/backpacking-yosemite-tuolumne-river-guided-trip/ dead 3400 of 11101 worstGap 1298 [{"y":8739,"h":980,"gap":1137},{"y":4259,"h":660,"gap":1255}]
/tours/backpacking-yosemite-half-dome-cathedral-lakes/ dead 5980 of 13340 worstGap 1276 [{"y":6639,"h":2000,"gap":1264},{"y":10979,"h":980,"gap":1137}]
/tours/zion-bryce-canyon-2-day-getaway/ dead 900 of 6452 worstGap 1234 [{"y":3299,"h":540,"gap":1195},{"y":6299,"h":320,"gap":1234}]
/tours/large-group-tour-utahs-mighty-5-national-parks/ dead 1080 of 8827 worstGap 1234 [{"y":5879,"h":340,"gap":748},{"y":4579,"h":180,"gap":1073}]
/tours/grand-canyon-backpacking-escalante-route/ dead 4120 of 9939 worstGap 1264 [{"y":3279,"h":1720,"gap":1264},{"y":5839,"h":780,"gap":1195}]
/tours/grand-canyon-traveler/ dead 1560 of 7848 worstGap 1246 [{"y":3719,"h":560,"gap":1180},{"y":4779,"h":460,"gap":1195}]
/tours/large-group-tour-grand-teton-and-yellowstone-explorer/ dead 1420 of 9343 worstGap 1237 [{"y":6639,"h":340,"gap":748},{"y":9179,"h":340,"gap":1234}]
/tours/self-drive-sedona-grand-canyon/ dead 1180 of 7139 worstGap 1274 [{"y":3219,"h":520,"gap":1118},{"y":4179,"h":360,"gap":1195}]
/tours/backpacking-rocky-mountain-west-side-lakes/ dead 5320 of 11712 worstGap 1295 [{"y":7199,"h":1420,"gap":1195},{"y":9339,"h":1000,"gap":1137}]
/tours/backpacking-yosemite-ten-lakes/ dead 3160 of 10676 worstGap 1272 [{"y":8319,"h":980,"gap":1137},{"y":4959,"h":800,"gap":1272}]
/tours/the-great-american-west-cowboy-tour/ dead 1140 of 9012 worstGap 1240 [{"y":8859,"h":320,"gap":1234},{"y":6099,"h":260,"gap":1201}]
/tours/lone-star-legacy-tour-of-texas/ dead 3680 of 10801 worstGap 1274 [{"y":5259,"h":1000,"gap":1274},{"y":8539,"h":900,"gap":1137}]
/tours/jackson-snowmobile-adventure/ dead 2860 of 11138 worstGap 1251 [{"y":7859,"h":760,"gap":1251},{"y":2719,"h":440,"gap":1174}]
/tours/large-group-tour-oregon-coast-south/ dead 1420 of 9113 worstGap 1234 [{"y":8959,"h":320,"gap":1234},{"y":6239,"h":260,"gap":1060}]
/tours/large-group-tour-colorado-national-parks/ dead 2060 of 9547 worstGap 1275 [{"y":4719,"h":440,"gap":1274},{"y":3979,"h":400,"gap":1274}]
/tours/self-drive-canyons/ dead 860 of 7883 worstGap 1234 [{"y":4919,"h":360,"gap":1195},{"y":7859,"h":200,"gap":1234}]
/tours/canyons-of-the-escalante/ dead 2440 of 13421 worstGap 1261 [{"y":11259,"h":440,"gap":1251},{"y":1659,"h":360,"gap":1261}]
/tours/yellowstone-grand-teton-winter-adventure/ dead 3020 of 12045 worstGap 1274 [{"y":1659,"h":540,"gap":1204},{"y":9119,"h":400,"gap":1251}]
/tours/albuquerque-balloon-fiesta/ dead 3580 of 11743 worstGap 1293 [{"y":3179,"h":900,"gap":1284},{"y":4679,"h":600,"gap":1293}]
/tours/black-hills-of-south-dakota/ dead 3160 of 13173 worstGap 1251 [{"y":10519,"h":400,"gap":1251},{"y":9739,"h":380,"gap":1201}]
/tours/west-bound-mormon-trail-tour/ dead 4360 of 12873 worstGap 1275 [{"y":4699,"h":1640,"gap":1275},{"y":2439,"h":780,"gap":1164}]
/tours/grand-teton-yellowstone-explorer/ dead 2520 of 12310 worstGap 1251 [{"y":7679,"h":520,"gap":1251},{"y":9279,"h":460,"gap":1251}]
/tours/northern-lights-alaska/ dead 3280 of 13091 worstGap 1279 [{"y":7999,"h":900,"gap":1051},{"y":10139,"h":380,"gap":1251}]
/tours/mighty-5-utah-from-salt-lake-city/ dead 4580 of 17628 worstGap 1251 [{"y":3839,"h":700,"gap":1233},{"y":14499,"h":560,"gap":1251}]
/tours/self-drive-tour-utah-mighty-5/ dead 780 of 7698 worstGap 1241 [{"y":4739,"h":340,"gap":1195},{"y":7679,"h":180,"gap":1234}]
/tours/oregon-coast-crater-lake/ dead 4360 of 16057 worstGap 1295 [{"y":5879,"h":680,"gap":1275},{"y":8899,"h":680,"gap":1295}]
/tours/death-valley-joshua-tree-tour/ dead 2680 of 11960 worstGap 1251 [{"y":9319,"h":400,"gap":1251},{"y":8939,"h":340,"gap":1201}]
/tours/oregon-south-tour/ dead 2000 of 9921 worstGap 1259 [{"y":7039,"h":340,"gap":1251},{"y":9759,"h":340,"gap":1259}]
/tours/glacier-national-park/ dead 3420 of 11446 worstGap 1265 [{"y":5599,"h":560,"gap":1213},{"y":1659,"h":500,"gap":1265}]
/tours/trail-of-the-ancients/ dead 2900 of 13872 worstGap 1301 [{"y":7419,"h":460,"gap":1236},{"y":11479,"h":380,"gap":1251}]
/tours/national-parks-of-colorado/ dead 3180 of 14253 worstGap 1251 [{"y":6379,"h":500,"gap":1025},{"y":9919,"h":340,"gap":1035}]
/tours/arizona-adventure/ dead 3840 of 14468 worstGap 1269 [{"y":11299,"h":640,"gap":1251},{"y":6179,"h":560,"gap":1102}]
/tours/vore-buffalo-jump-and-the-black-hills-ancient-odysseys/ dead 3380 of 11342 worstGap 1251 [{"y":8579,"h":1080,"gap":1251},{"y":2419,"h":820,"gap":1233}]
/tours/st-george-dinosaurs-ancient-odysseys/ dead 3360 of 12403 worstGap 1290 [{"y":9599,"h":800,"gap":1201},{"y":2979,"h":700,"gap":1277}]
/tours/railroads-of-the-old-west/ dead 4060 of 14473 worstGap 1251 [{"y":11199,"h":740,"gap":1251},{"y":7259,"h":600,"gap":1167}]
/tours/oahu-island-experience/ dead 2200 of 10309 worstGap 1313 [{"y":3979,"h":340,"gap":818},{"y":10139,"h":340,"gap":1234}]
/tours/self-drive-best-of-the-southwest/ dead 1560 of 9240 worstGap 1275 [{"y":4719,"h":420,"gap":1275},{"y":6219,"h":360,"gap":1195}]
/tours/self-drive-tour-grand-circle/ dead 1400 of 9141 worstGap 1241 [{"y":6059,"h":480,"gap":1195},{"y":2619,"h":360,"gap":1087}]
/tours/olympic-national-park-and-the-pacific-northwest/ dead 4520 of 12832 worstGap 1293 [{"y":9799,"h":780,"gap":1251},{"y":4819,"h":720,"gap":1248}]
/tours/yosemite-sequoia-california-coast/ dead 2740 of 12002 worstGap 1251 [{"y":8739,"h":380,"gap":1201},{"y":4739,"h":340,"gap":1040}]
/tours/self-drive-moab-adventure/ dead 2680 of 11246 worstGap 1279 [{"y":3259,"h":680,"gap":997},{"y":7879,"h":480,"gap":1195}]
/tours/canadian-atlantic-experience/ dead 3900 of 12389 worstGap 1251 [{"y":9439,"h":1060,"gap":1251},{"y":1539,"h":780,"gap":1204}]
/tours/route-66-westbound/ dead 4420 of 14658 worstGap 1299 [{"y":5599,"h":660,"gap":1225},{"y":7079,"h":620,"gap":1225}]
/tours/route-66-eastbound/ dead 5300 of 20531 worstGap 1274 [{"y":4899,"h":780,"gap":1109},{"y":9339,"h":540,"gap":1166}]
/tours/magnificent-alaska/ dead 4160 of 15249 worstGap 1296 [{"y":6919,"h":880,"gap":1296},{"y":12039,"h":680,"gap":1251}]
/tours/maui-hawaii-island-combo/ dead 4740 of 15001 worstGap 1270 [{"y":8259,"h":880,"gap":1270},{"y":1559,"h":460,"gap":1103}]
/tours/grand-circle-experience-tours-grand-canyon-national-park/ dead 2620 of 16424 worstGap 1273 [{"y":1639,"h":420,"gap":1273},{"y":9879,"h":360,"gap":1251}]
/trips/backpacking/ dead 1000 of 3231 worstGap 1179 [{"y":2079,"h":1120,"gap":1179}]
/trips/guided-small-group/ dead 420 of 7480 worstGap 1179 [{"y":6859,"h":460,"gap":1179}]
/trips/day-tour/ dead 460 of 3862 worstGap 1288 [{"y":3339,"h":460,"gap":1288},{"y":3859,"h":180,"gap":1223}]
/trips/self-drive/ dead 440 of 2651 worstGap 1192 [{"y":2159,"h":420,"gap":1192},{"y":2639,"h":180,"gap":741}]
/trips/large-group/ dead 460 of 2026 worstGap 1179 [{"y":1579,"h":620,"gap":1179}]
/trips/rail-and-cruise/ dead 480 of 3277 worstGap 1289 [{"y":2739,"h":460,"gap":1289},{"y":3259,"h":180,"gap":656}]
/trips/private-and-custom/ dead 1020 of 2660 worstGap 1276 [{"y":1479,"h":1120,"gap":1276},{"y":2639,"h":180,"gap":607}]
/trips/winter/ dead 480 of 2024 worstGap 1179 [{"y":1559,"h":640,"gap":1179}]
/departing-from/salt-lake-city/ dead 1360 of 4284 worstGap 1304 [{"y":3019,"h":1180,"gap":1179},{"y":219,"h":300,"gap":1304}]
/trips/special-event/ dead 520 of 1562 worstGap 1246 [{"y":979,"h":760,"gap":1246}]
/departing-from/las-vegas/ dead 1320 of 3091 worstGap 1277 [{"y":219,"h":940,"gap":1277},{"y":2499,"h":500,"gap":1226}]
/departing-from/bryce/ dead 2480 of 3052 worstGap 1280 [{"y":219,"h":2740,"gap":1280},{"y":3019,"h":200,"gap":1085}]
/departing-from/denver/ dead 700 of 1711 worstGap 1273 [{"y":1179,"h":700,"gap":1179},{"y":219,"h":300,"gap":1273}]
/departing-from/st-george/ dead 2140 of 2599 worstGap 1289 [{"y":219,"h":2540,"gap":1289}]
/departing-from/moab/ dead 1480 of 1912 worstGap 1277 [{"y":219,"h":1860,"gap":1277}]
/departing-from/phoenix/ dead 1400 of 1878 worstGap 1277 [{"y":219,"h":1820,"gap":1277}]
/departing-from/albuquerque/ dead 1420 of 1856 worstGap 1277 [{"y":219,"h":1800,"gap":1277}]
/departing-from/portland/ dead 1400 of 1856 worstGap 1273 [{"y":219,"h":1800,"gap":1273}]
/departing-from/san-francisco/ dead 1480 of 1912 worstGap 1296 [{"y":219,"h":1860,"gap":1296}]
/destinations/arches-canyonlands-national-parks/ dead 1440 of 6570 worstGap 1232 [{"y":5379,"h":920,"gap":1153},{"y":1019,"h":680,"gap":1232}]
/destinations/national-parks/ dead 1620 of 2759 worstGap 1256 [{"y":1019,"h":1900,"gap":1256}]
/destinations/hikes-in-arches-national-park/ dead 2200 of 7482 worstGap 1268 [{"y":1019,"h":1460,"gap":1268},{"y":4899,"h":800,"gap":1260}]
/destinations/badlands-national-park/ dead 1580 of 3915 worstGap 1246 [{"y":1019,"h":1900,"gap":1246}]
/destinations/bryce-canyon-national-park/ dead 1460 of 6623 worstGap 1223 [{"y":5439,"h":920,"gap":1153},{"y":1019,"h":740,"gap":1223}]
/destinations/hikes-in-bryce-canyon-national-park/ dead 1700 of 6815 worstGap 1300 [{"y":1019,"h":1380,"gap":1300},{"y":6059,"h":480,"gap":1153}]
/destinations/hikes-in-capitol-reef-national-park/ dead 2800 of 5855 worstGap 1260 [{"y":1019,"h":1600,"gap":1260},{"y":5099,"h":920,"gap":1153}]
/destinations/capitol-reef-national-park/ dead 2700 of 5879 worstGap 1262 [{"y":2139,"h":1520,"gap":1262},{"y":4699,"h":1340,"gap":1153}]
/destinations/colorado-national-parks/ dead 1260 of 4208 worstGap 1261 [{"y":3459,"h":920,"gap":1153},{"y":1019,"h":540,"gap":1239}]
/destinations/denali-national-park/ dead 1700 of 4692 worstGap 1217 [{"y":1979,"h":940,"gap":1104},{"y":3939,"h":920,"gap":1153}]
/destinations/devils-tower-national-monument/ dead 900 of 5356 worstGap 1247 [{"y":3159,"h":760,"gap":1247},{"y":1019,"h":300,"gap":1139}]
/destinations/glacier-national-park/ dead 2300 of 4647 worstGap 1201 [{"y":1019,"h":1840,"gap":1201},{"y":3899,"h":920,"gap":1153}]
/destinations/hikes-in-grand-canyon-national-park/ dead 2720 of 7321 worstGap 1319 [{"y":1019,"h":2800,"gap":1319},{"y":5659,"h":220,"gap":1221}]
/destinations/grand-canyon-national-park/ dead 1560 of 6218 worstGap 1291 [{"y":3479,"h":860,"gap":1291},{"y":1019,"h":620,"gap":1256}]
/destinations/mesa-verde-national-park/ dead 1380 of 4434 worstGap 1261 [{"y":2219,"h":780,"gap":1261},{"y":1019,"h":540,"gap":1139}]
/destinations/hikes-in-mesa-verde-national-park/ dead 1360 of 4343 worstGap 1308 [{"y":1019,"h":1440,"gap":1308},{"y":3119,"h":220,"gap":1261}]
/destinations/grand-staircase-escalante-monument/ dead 1100 of 5499 worstGap 1299 [{"y":1019,"h":640,"gap":1299},{"y":4739,"h":500,"gap":1153}]
/destinations/monument-valley/ dead 1500 of 4433 worstGap 1221 [{"y":2019,"h":1420,"gap":1221},{"y":1019,"h":400,"gap":1139}]
/destinations/mount-rushmore-national-monument/ dead 1140 of 3970 worstGap 1139 [{"y":2039,"h":920,"gap":1007},{"y":1019,"h":440,"gap":1139}]
/destinations/sequoia-kings-canyon-national-parks/ dead 1860 of 4254 worstGap 1252 [{"y":1019,"h":2240,"gap":1252}]
/destinations/volcano-national-park/ dead 2880 of 5908 worstGap 1249 [{"y":1019,"h":2480,"gap":1249},{"y":5579,"h":500,"gap":1153}]
/destinations/yosemite-national-park/ dead 1100 of 4599 worstGap 1256 [{"y":2739,"h":860,"gap":1256},{"y":1019,"h":460,"gap":1216}]
/destinations/zion-national-park/ dead 3320 of 8668 worstGap 1255 [{"y":1019,"h":2780,"gap":1255},{"y":7479,"h":920,"gap":1153}]
/destinations/yellowstone-grand-teton/ dead 1460 of 5255 worstGap 1306 [{"y":1019,"h":1340,"gap":1306},{"y":3599,"h":220,"gap":1223}]
/destinations/alaska/ dead 1700 of 4966 worstGap 1301 [{"y":2299,"h":880,"gap":1104},{"y":1019,"h":700,"gap":1301}]
/destinations/hikes-in-zion-national-park/ dead 2360 of 7599 worstGap 1308 [{"y":1019,"h":2160,"gap":1308},{"y":6839,"h":500,"gap":1153}]
/destinations/arizona/ dead 1140 of 5644 worstGap 1271 [{"y":3359,"h":840,"gap":1268},{"y":1019,"h":500,"gap":1271}]
/destinations/california/ dead 1260 of 4827 worstGap 1221 [{"y":2739,"h":740,"gap":1221},{"y":4519,"h":480,"gap":899}]
/destinations/colorado/ dead 1640 of 5769 worstGap 1229 [{"y":1019,"h":1260,"gap":1229},{"y":5439,"h":500,"gap":1153}]
/destinations/hawaii/ dead 3480 of 6490 worstGap 1265 [{"y":1019,"h":3080,"gap":1265},{"y":6159,"h":500,"gap":1153}]
/destinations/nevada/ dead 1560 of 3863 worstGap 1286 [{"y":1059,"h":1460,"gap":1286},{"y":3539,"h":500,"gap":899}]
/destinations/montana/ dead 2480 of 4866 worstGap 1276 [{"y":1019,"h":2060,"gap":1276},{"y":4119,"h":920,"gap":1153}]
/destinations/south-dakota/ dead 1920 of 4160 worstGap 1292 [{"y":1019,"h":2140,"gap":1292}]
/destinations/oregon/ dead 1980 of 5064 worstGap 1253 [{"y":2239,"h":1380,"gap":1221},{"y":1019,"h":640,"gap":1253}]
/destinations/new-mexico/ dead 1740 of 4153 worstGap 1242 [{"y":1059,"h":1660,"gap":1242},{"y":3399,"h":480,"gap":1153}]
/destinations/utah/ dead 1860 of 4160 worstGap 1220 [{"y":1059,"h":1760,"gap":1220},{"y":3839,"h":480,"gap":899}]
/destinations/washington/ dead 1960 of 3650 worstGap 1244 [{"y":1019,"h":1880,"gap":1244},{"y":3319,"h":500,"gap":1153}]
/destinations/wyoming/ dead 1060 of 4981 worstGap 1296 [{"y":2739,"h":800,"gap":1296},{"y":1019,"h":460,"gap":1238}]
/about/ dead 1900 of 7148 worstGap 1257 [{"y":6019,"h":1300,"gap":1257},{"y":5099,"h":540,"gap":863}]
/contact/ dead 580 of 2262 worstGap 998 [{"y":999,"h":340,"gap":962},{"y":1439,"h":300,"gap":888}]
/travel-professionals/ dead 320 of 1457 worstGap 944 [{"y":959,"h":200,"gap":944},{"y":1199,"h":100,"gap":903}]
/guides/ dead 340 of 2131 worstGap 1236 [{"y":1959,"h":340,"gap":676},{"y":599,"h":140,"gap":1216}]
/group-travel/ dead 500 of 2208 worstGap 1295 [{"y":1379,"h":520,"gap":1295},{"y":2179,"h":200,"gap":1088}]
/privacy-policy/ dead 3500 of 5453 worstGap 1091 [{"y":4699,"h":700,"gap":996},{"y":2019,"h":660,"gap":935}]
/archive/ dead 1080 of 21999 worstGap 1275 [{"y":8119,"h":400,"gap":1048},{"y":639,"h":140,"gap":1061}]
/trip-protection/ dead 320 of 1976 worstGap 987 [{"y":1959,"h":180,"gap":559},{"y":1799,"h":120,"gap":520}]
/guides/coronavirus-policy-prevention/ dead 400 of 1173 worstGap 950 [{"y":939,"h":400,"gap":950},{"y":499,"h":200,"gap":748}]
/guides/faqs/ dead 1980 of 3397 worstGap 1077 [{"y":1039,"h":620,"gap":1049},{"y":2059,"h":600,"gap":1026}]
/guides/newsletter/ dead 180 of 1073 worstGap 950 [{"y":439,"h":200,"gap":922},{"y":1059,"h":180,"gap":950}]
/guides/packing-list/ dead 3500 of 4857 worstGap 1051 [{"y":3679,"h":1340,"gap":1049},{"y":1319,"h":1220,"gap":1051}]
/guides/testimonials-and-reviews/ dead 1140 of 7377 worstGap 1145 [{"y":6999,"h":540,"gap":1036},{"y":3599,"h":300,"gap":704}]
/guides/transportation/ dead 980 of 2057 worstGap 950 [{"y":1919,"h":300,"gap":950},{"y":979,"h":280,"gap":944}]
/guides/national-park-entry-fees-for-international-visitors/ dead 3300 of 5334 worstGap 1081 [{"y":839,"h":700,"gap":1076},{"y":4999,"h":500,"gap":950}]
/guides/canadian-rockies-glacier-national-park-sample-itinerary/ dead 3880 of 7735 worstGap 1018 [{"y":6359,"h":560,"gap":922},{"y":7399,"h":500,"gap":950}]
/guides/northern-california-self-drive-sample-itinerary/ dead 4500 of 7977 worstGap 1079 [{"y":2239,"h":560,"gap":1059},{"y":7639,"h":500,"gap":950}]
/guides/new-york-new-england-sample-itinerary/ dead 3160 of 5985 worstGap 1059 [{"y":5639,"h":520,"gap":950},{"y":599,"h":440,"gap":1050}]
/guides/grand-canyon-and-sedona-sample-itinerary/ dead 2620 of 4991 worstGap 1072 [{"y":1679,"h":580,"gap":968},{"y":4659,"h":500,"gap":950}]
/guides/ancient-odysseys/ dead 380 of 1202 worstGap 1069 [{"y":979,"h":400,"gap":950},{"y":699,"h":120,"gap":952}]
/guides/mighty-5-and-more-sample-itinerary/ dead 2420 of 4843 worstGap 1079 [{"y":3219,"h":800,"gap":1079},{"y":4499,"h":520,"gap":950}]
/about/ann-evans/ dead 100 of 637 worstGap 964 [{"y":219,"h":120,"gap":964}]
/about/chris-vander-wilt/ dead 180 of 975 worstGap 923 [{"y":959,"h":180,"gap":770},{"y":219,"h":120,"gap":923}]
/about/jason-murray/ dead 180 of 710 worstGap 944 [{"y":699,"h":180,"gap":784},{"y":219,"h":120,"gap":944}]
/about/dennis-bailey/ dead 100 of 703 worstGap 945 [{"y":219,"h":120,"gap":945}]
/about/julie-burton-ray/ dead 140 of 665 worstGap 927 [{"y":659,"h":180,"gap":518},{"y":219,"h":120,"gap":927}]
/about/kirk-douglass/ dead 220 of 782 worstGap 943 [{"y":759,"h":200,"gap":813},{"y":219,"h":120,"gap":943}]
/about/phil-douglass/ dead 160 of 958 worstGap 945 [{"y":939,"h":180,"gap":649},{"y":219,"h":120,"gap":945}]
/about/robin-luse/ dead 240 of 871 worstGap 959 [{"y":219,"h":120,"gap":959}]
/about/shawn-horman/ dead 140 of 820 worstGap 936 [{"y":219,"h":120,"gap":936}]
/about/shybree-richens/ dead 140 of 620 worstGap 924 [{"y":599,"h":200,"gap":580},{"y":219,"h":120,"gap":924}]
/journal/ dead 40 of 4996 worstGap 1240 [{"y":599,"h":100,"gap":1240}]
/journal/the-ultimate-four-season-guide-to-utahs-mighty-5/ dead 5240 of 10846 worstGap 1097 [{"y":7879,"h":1040,"gap":1088},{"y":6179,"h":480,"gap":953}]
/journal/grand-canyon-north-rim-a-guide-to-trails-views-and-natures-resurgence/ dead 2900 of 8089 worstGap 1072 [{"y":7839,"h":420,"gap":980},{"y":1279,"h":360,"gap":1071}]
/journal/denali-national-park-history-landscapes-and-culture/ dead 3600 of 6760 worstGap 1100 [{"y":5659,"h":1080,"gap":1032},{"y":2619,"h":580,"gap":1100}]
/journal/peak-planning-for-the-peaks/ dead 1580 of 3790 worstGap 1061 [{"y":2759,"h":540,"gap":947},{"y":1959,"h":240,"gap":1022}]
/journal/navigating-the-airline-bag-fee-hikes-what-you-need-to-know/ dead 1780 of 4809 worstGap 1078 [{"y":3099,"h":880,"gap":947},{"y":799,"h":260,"gap":788}]
/journal/retracing-human-and-earth-history-on-the-grand-circle/ dead 1660 of 6088 worstGap 1079 [{"y":5619,"h":280,"gap":980},{"y":3999,"h":260,"gap":928}]
/journal/traveling-to-europe-in-2026-how-the-new-ees-digital-border-will-affect-you/ dead 1880 of 4307 worstGap 1081 [{"y":3339,"h":500,"gap":1055},{"y":799,"h":360,"gap":1081}]
/journal/why-the-grand-canyon-escalante-route-is-the-ultimate-backpacking-test/ dead 2360 of 4641 worstGap 1041 [{"y":2279,"h":560,"gap":1041},{"y":3319,"h":500,"gap":947}]
/journal/your-best-backcountry-trip-starts-with-a-guide/ dead 1480 of 3185 worstGap 1068 [{"y":1019,"h":560,"gap":1068},{"y":2099,"h":260,"gap":903}]
/journal/5-things-you-cant-miss-in-glacier-national-park/ dead 3300 of 7959 worstGap 1087 [{"y":7159,"h":960,"gap":947},{"y":2379,"h":300,"gap":1006}]
/journal/announcing-our-new-olympic-national-park-and-the-pacific-northwest-tour/ dead 2920 of 6522 worstGap 1083 [{"y":4839,"h":360,"gap":1048},{"y":4499,"h":300,"gap":1083}]
/journal/arches-national-park-entry-update-2026-what-travelers-need-to-know/ dead 2580 of 5704 worstGap 1054 [{"y":4379,"h":500,"gap":947},{"y":5459,"h":420,"gap":980}]
/journal/ultimate-winter-playground-7-reasons-yellowstone-the-tetons-shine-in-the-snow/ dead 2360 of 5530 worstGap 1054 [{"y":4199,"h":480,"gap":947},{"y":3619,"h":440,"gap":919}]
/journal/a-rare-wildflower-season-in-death-valley/ dead 2520 of 4957 worstGap 1063 [{"y":3939,"h":1180,"gap":947},{"y":1519,"h":580,"gap":1063}]
/journal/take-part-in-route-66-history/ dead 1420 of 5151 worstGap 1079 [{"y":4679,"h":640,"gap":980},{"y":799,"h":140,"gap":844}]
/journal/utah-national-park-visitation-in-2025-what-happened-and-what-it-means-for-2026-travel/ dead 3320 of 8953 worstGap 1068 [{"y":4579,"h":420,"gap":1066},{"y":5579,"h":340,"gap":985}]
/journal/zions-new-tunnel-restrictions-are-here-what-tour-operators-need-to-know/ dead 1400 of 4728 worstGap 1098 [{"y":2059,"h":420,"gap":1098},{"y":2599,"h":280,"gap":1066}]
/journal/best-national-parks-to-visit-in-the-fall/ dead 2580 of 8456 worstGap 1049 [{"y":8039,"h":240,"gap":980},{"y":2759,"h":200,"gap":817}]
/journal/discovering-grand-teton-national-park/ dead 1820 of 5929 worstGap 1008 [{"y":4579,"h":500,"gap":994},{"y":5679,"h":420,"gap":980}]
/journal/culture-connection-and-the-hawaiian-way/ dead 1240 of 4482 worstGap 1052 [{"y":3099,"h":340,"gap":1052},{"y":4439,"h":220,"gap":695}]
/journal/no-more-shoe-hassle-at-tsa-what-it-means-for-your-next-southwest-tour/ dead 1020 of 2963 worstGap 1064 [{"y":799,"h":320,"gap":797},{"y":1499,"h":260,"gap":1036}]
/journal/tides-trails-and-timeless-charm-discover-the-canadian-atlantic-experience/ dead 2000 of 6385 worstGap 1081 [{"y":799,"h":420,"gap":802},{"y":1819,"h":300,"gap":1049}]
/journal/texas-a-keystone-state-in-american-history/ dead 1660 of 3226 worstGap 947 [{"y":2159,"h":880,"gap":947},{"y":1059,"h":380,"gap":884}]
/journal/kolob-canyon-the-zion-secret-most-tours-miss/ dead 1340 of 6340 worstGap 1089 [{"y":799,"h":240,"gap":877},{"y":1279,"h":220,"gap":1089}]
/journal/the-mysterious-northern-lights/ dead 1740 of 3480 worstGap 1062 [{"y":2159,"h":960,"gap":947},{"y":1259,"h":540,"gap":1041}]
/journal/your-guide-to-fall-colors-in-the-southwest/ dead 1560 of 4428 worstGap 1075 [{"y":3099,"h":500,"gap":947},{"y":1839,"h":300,"gap":973}]
/journal/canyons-of-the-escalante-a-geological-and-hiking-odyssey/ dead 1920 of 4096 worstGap 1078 [{"y":3419,"h":840,"gap":980},{"y":1299,"h":320,"gap":955}]
/journal/meet-our-guide-christopher-vander-wilt/ dead 880 of 2311 worstGap 1095 [{"y":1659,"h":480,"gap":985},{"y":799,"h":200,"gap":899}]
/journal/meet-our-guide-dave-showalter/ dead 1340 of 3532 worstGap 1075 [{"y":2179,"h":520,"gap":947},{"y":1359,"h":320,"gap":842}]
/journal/meet-our-guide-larry-hansen/ dead 880 of 2538 worstGap 1031 [{"y":1979,"h":380,"gap":985},{"y":799,"h":140,"gap":841}]
/journal/wonder-and-worry-documentary-filmmaking-on-our-private-yellowstone-tour/ dead 1340 of 3524 worstGap 1089 [{"y":2059,"h":620,"gap":1008},{"y":3279,"h":420,"gap":980}]
/journal/meet-our-guide-wynn-hall/ dead 940 of 2593 worstGap 1091 [{"y":1779,"h":360,"gap":1091},{"y":799,"h":200,"gap":899}]
/journal/southwest-adventure-tours-10-year-anniversary/ dead 2840 of 4199 worstGap 1074 [{"y":2099,"h":1920,"gap":1074},{"y":799,"h":440,"gap":759}]
/journal/bryce-canyon-in-the-snow/ dead 3240 of 9645 worstGap 1092 [{"y":8079,"h":740,"gap":1010},{"y":9399,"h":420,"gap":980}]
/journal/chena-hot-springs-experience/ dead 3320 of 8920 worstGap 1073 [{"y":7279,"h":1280,"gap":1073},{"y":1719,"h":260,"gap":959}]
/journal/david-beach-alaska-tour-guide/ dead 1600 of 3603 worstGap 1069 [{"y":2179,"h":1060,"gap":947},{"y":799,"h":320,"gap":868}]
/journal/a-journey-down-historic-route-66-a-nostalgic-trip-through-time/ dead 1460 of 2925 worstGap 980 [{"y":2239,"h":860,"gap":980},{"y":799,"h":220,"gap":922}]
/journal/exploring-the-last-frontier-my-alaskan-adventure/ dead 3400 of 10603 worstGap 1068 [{"y":9399,"h":840,"gap":947},{"y":1539,"h":420,"gap":965}]
/journal/meet-our-guide-adam-bath/ dead 760 of 2518 worstGap 1092 [{"y":799,"h":320,"gap":899},{"y":1799,"h":180,"gap":985}]
/journal/meet-our-guide-haydee-schabelski/ dead 920 of 2367 worstGap 1067 [{"y":1979,"h":200,"gap":1067},{"y":659,"h":180,"gap":899}]
/journal/meet-our-guide-ann-evans/ dead 1080 of 3263 worstGap 1031 [{"y":1939,"h":500,"gap":947},{"y":1299,"h":220,"gap":1023}]
/journal/meet-our-guide-kim-palmer/ dead 860 of 2652 worstGap 1031 [{"y":2059,"h":420,"gap":980},{"y":1499,"h":160,"gap":647}]
/journal/meet-our-guide-wayne-parker/ dead 1540 of 4026 worstGap 1056 [{"y":2639,"h":560,"gap":947},{"y":3779,"h":420,"gap":980}]
/journal/zion-entrance-project/ dead 720 of 2945 worstGap 980 [{"y":1499,"h":620,"gap":947},{"y":1319,"h":140,"gap":944}]
