/deals/ dead 660 of 1377 worstGap 1539 [{"y":599,"h":940,"gap":1539}]
/departing-from/ dead 300 of 1601 worstGap 1473 [{"y":1359,"h":420,"gap":816}]
/destinations/ dead 460 of 2572 worstGap 1490 [{"y":2279,"h":460,"gap":816},{"y":879,"h":160,"gap":1280}]
/trips/ dead 40 of 1856 worstGap 1501 []
/ dead 280 of 8641 worstGap 1566 [{"y":3339,"h":140,"gap":1397}]
/find/ dead 780 of 10282 worstGap 1506 [{"y":9799,"h":660,"gap":670},{"y":219,"h":280,"gap":1506}]
/map/ dead 0 of 935 worstGap 0 []
/custom-tours/ dead 340 of 4235 worstGap 1477 [{"y":3039,"h":280,"gap":1261}]
/tours/1-day-great-salt-lake-and-antelope-island-tour/ dead 2980 of 7461 worstGap 1514 [{"y":4599,"h":1160,"gap":1416},{"y":3339,"h":800,"gap":1475}]
/tours/bonneville-salt-flats-adventure/ dead 1940 of 5326 worstGap 1514 [{"y":2839,"h":1440,"gap":1475},{"y":1939,"h":560,"gap":1514}]
/tours/salt-lake-antelope-island-dark-sky-experience/ dead 2000 of 5424 worstGap 1475 [{"y":3099,"h":1280,"gap":1475},{"y":2219,"h":560,"gap":1475}]
/tours/snowbird-summer-excursion-day-tour/ dead 1800 of 5880 worstGap 1514 [{"y":2879,"h":900,"gap":1475},{"y":1819,"h":560,"gap":1514}]
/tours/park-city-olympic-tour/ dead 2360 of 6498 worstGap 1549 [{"y":4139,"h":960,"gap":1416},{"y":2919,"h":760,"gap":1475}]
/tours/kanarra-falls/ dead 2080 of 6370 worstGap 1550 [{"y":3999,"h":980,"gap":1416},{"y":2699,"h":640,"gap":1550}]
/tours/zion-3-day-getaway/ dead 640 of 5700 worstGap 1514 [{"y":5539,"h":320,"gap":1514},{"y":4059,"h":240,"gap":755}]
/tours/gems-of-southeast-europe-christmas-markets/ dead 4720 of 11327 worstGap 1551 [{"y":7079,"h":1260,"gap":1503},{"y":5799,"h":840,"gap":1551}]
/tours/amawaterways-captivating-rhine-amalucia/ dead 3900 of 11481 worstGap 1508 [{"y":8679,"h":1280,"gap":1503},{"y":8219,"h":420,"gap":1414}]
/tours/ama-paris-normandy/ dead 3380 of 9573 worstGap 1531 [{"y":6519,"h":1140,"gap":1500},{"y":5919,"h":560,"gap":1517}]
/tours/zion-virgin-river-narrows-hiking/ dead 1120 of 5496 worstGap 1514 [{"y":2079,"h":560,"gap":1086},{"y":5339,"h":320,"gap":1514}]
/tours/cascade-falls-hike/ dead 1120 of 5211 worstGap 1531 [{"y":2459,"h":440,"gap":1475},{"y":5039,"h":340,"gap":1514}]
/tours/zion-park-1-day-tour/ dead 1380 of 6277 worstGap 1531 [{"y":3279,"h":680,"gap":1475},{"y":6119,"h":320,"gap":1514}]
/tours/ama-secrets-of-egypt-the-nile-river-cruise/ dead 7280 of 16103 worstGap 1558 [{"y":10379,"h":2200,"gap":1552},{"y":8999,"h":1120,"gap":1510}]
/tours/zion-bryce-canyon-1-day-tour-from-southern-utah/ dead 1260 of 5792 worstGap 1531 [{"y":2759,"h":700,"gap":1475},{"y":5639,"h":320,"gap":1514}]
/tours/bryce-canyon-1-day-tour/ dead 1260 of 5854 worstGap 1514 [{"y":2839,"h":700,"gap":1475},{"y":5699,"h":320,"gap":1514}]
/tours/1-day-canyonlands-tour-from-salt-lake-city/ dead 1320 of 5429 worstGap 1531 [{"y":2259,"h":840,"gap":1531},{"y":5259,"h":340,"gap":1514}]
/tours/3-parks-in-4-days/ dead 1020 of 6507 worstGap 1514 [{"y":3719,"h":460,"gap":1475},{"y":6339,"h":340,"gap":1514}]
/tours/1-day-arches-np-tour-from-salt-lake-city/ dead 2080 of 6359 worstGap 1531 [{"y":3979,"h":980,"gap":1416},{"y":2859,"h":460,"gap":1475}]
/tours/bryce-canyon-1-day-tour-from-vegas-or-salt-lake/ dead 1260 of 5593 worstGap 1551 [{"y":2119,"h":780,"gap":1551},{"y":5439,"h":320,"gap":1514}]
/tours/1-day-arches-canyonlands-from-salt-lake-city/ dead 1560 of 6194 worstGap 1531 [{"y":2639,"h":480,"gap":1531},{"y":1919,"h":400,"gap":1495}]
/tours/tucson-adventure/ dead 3960 of 8973 worstGap 1555 [{"y":3339,"h":1960,"gap":1555},{"y":6599,"h":980,"gap":1416}]
/tours/backpacking-yosemite-half-dome-happy-isles/ dead 3920 of 9545 worstGap 1544 [{"y":3539,"h":1660,"gap":1544},{"y":7179,"h":980,"gap":1416}]
/tours/backpacking-yosemite-half-dome-mono-meadows/ dead 3980 of 9546 worstGap 1544 [{"y":3539,"h":1660,"gap":1544},{"y":7179,"h":980,"gap":1416}]
/tours/mighty-5-utah-from-las-vegas/ dead 2780 of 11205 worstGap 1531 [{"y":8439,"h":520,"gap":1531},{"y":1739,"h":420,"gap":1382}]
/tours/5-day-jackson-hole-national-parks-tour/ dead 1820 of 7853 worstGap 1565 [{"y":5119,"h":640,"gap":1565},{"y":4319,"h":480,"gap":1531}]
/tours/backpacking-yosemite-tuolumne-river-guided-trip/ dead 3200 of 10592 worstGap 1565 [{"y":8219,"h":980,"gap":1416},{"y":5919,"h":640,"gap":1565}]
/tours/mormon-battalion-the-california-saints-tour/ dead 2740 of 10698 worstGap 1554 [{"y":8339,"h":960,"gap":1416},{"y":4679,"h":540,"gap":1554}]
/tours/large-group-tour-utahs-mighty-5-national-parks/ dead 1140 of 8967 worstGap 1514 [{"y":6339,"h":300,"gap":878},{"y":7319,"h":260,"gap":755}]
/tours/backpacking-yosemite-half-dome-cathedral-lakes/ dead 5340 of 12387 worstGap 1556 [{"y":6199,"h":1840,"gap":1544},{"y":10019,"h":980,"gap":1416}]
/tours/zion-bryce-canyon-2-day-getaway/ dead 1160 of 6344 worstGap 1514 [{"y":3479,"h":540,"gap":1475},{"y":6179,"h":340,"gap":1514}]
/tours/grand-canyon-backpacking-escalante-route/ dead 4500 of 9853 worstGap 1544 [{"y":3639,"h":1580,"gap":1544},{"y":7479,"h":980,"gap":1416}]
/tours/grand-canyon-traveler/ dead 1900 of 7610 worstGap 1553 [{"y":3659,"h":680,"gap":1510},{"y":4819,"h":460,"gap":1475}]
/tours/large-group-tour-grand-teton-and-yellowstone-explorer/ dead 1340 of 9318 worstGap 1514 [{"y":6899,"h":320,"gap":1002},{"y":9159,"h":320,"gap":1514}]
/tours/self-drive-sedona-grand-canyon/ dead 1420 of 7185 worstGap 1514 [{"y":3539,"h":660,"gap":1398},{"y":7019,"h":340,"gap":1514}]
/tours/backpacking-rocky-mountain-west-side-lakes/ dead 4940 of 10930 worstGap 1575 [{"y":6799,"h":1320,"gap":1475},{"y":8559,"h":980,"gap":1416}]
/tours/backpacking-yosemite-ten-lakes/ dead 2940 of 10169 worstGap 1552 [{"y":7799,"h":980,"gap":1416},{"y":4839,"h":780,"gap":1552}]
/tours/the-great-american-west-cowboy-tour/ dead 1060 of 8813 worstGap 1514 [{"y":6179,"h":320,"gap":1481},{"y":8659,"h":320,"gap":1514}]
/tours/jackson-snowmobile-adventure/ dead 2220 of 10893 worstGap 1531 [{"y":7919,"h":480,"gap":1531},{"y":5459,"h":360,"gap":1488}]
/tours/lone-star-legacy-tour-of-texas/ dead 3840 of 10489 worstGap 1554 [{"y":7959,"h":1180,"gap":1416},{"y":4899,"h":1120,"gap":1554}]
/tours/large-group-tour-oregon-coast-south/ dead 1440 of 9072 worstGap 1544 [{"y":8919,"h":320,"gap":1514},{"y":6499,"h":260,"gap":1251}]
/tours/large-group-tour-colorado-national-parks/ dead 1780 of 8888 worstGap 1554 [{"y":3819,"h":400,"gap":1554},{"y":8719,"h":340,"gap":1514}]
/tours/self-drive-canyons/ dead 1060 of 8066 worstGap 1514 [{"y":7899,"h":340,"gap":1514},{"y":5419,"h":320,"gap":1475}]
/tours/canyons-of-the-escalante/ dead 2460 of 13175 worstGap 1541 [{"y":11059,"h":400,"gap":1531},{"y":1719,"h":340,"gap":1541}]
/tours/yellowstone-grand-teton-winter-adventure/ dead 2780 of 11735 worstGap 1531 [{"y":1739,"h":500,"gap":1484},{"y":3719,"h":400,"gap":1463}]
/tours/black-hills-of-south-dakota/ dead 2540 of 12704 worstGap 1556 [{"y":9259,"h":440,"gap":1481},{"y":10079,"h":400,"gap":1531}]
/tours/west-bound-mormon-trail-tour/ dead 4040 of 11914 worstGap 1555 [{"y":4239,"h":1740,"gap":1555},{"y":9179,"h":1040,"gap":1531}]
/tours/albuquerque-balloon-fiesta/ dead 2800 of 10899 worstGap 1564 [{"y":1699,"h":640,"gap":1484},{"y":3199,"h":640,"gap":1564}]
/tours/northern-lights-alaska/ dead 3600 of 12717 worstGap 1559 [{"y":7879,"h":980,"gap":1331},{"y":9539,"h":620,"gap":1531}]
/tours/grand-teton-yellowstone-explorer/ dead 2620 of 12416 worstGap 1531 [{"y":8079,"h":560,"gap":1531},{"y":9459,"h":400,"gap":1531}]
/tours/mighty-5-utah-from-salt-lake-city/ dead 3700 of 15967 worstGap 1531 [{"y":12899,"h":520,"gap":1531},{"y":3919,"h":480,"gap":1522}]
/tours/self-drive-tour-utah-mighty-5/ dead 1060 of 7787 worstGap 1514 [{"y":7619,"h":340,"gap":1514},{"y":5139,"h":320,"gap":1475}]
/tours/oregon-coast-crater-lake/ dead 3160 of 14085 worstGap 1531 [{"y":10939,"h":620,"gap":1531},{"y":5459,"h":440,"gap":1262}]
/tours/death-valley-joshua-tree-tour/ dead 2520 of 11755 worstGap 1531 [{"y":9179,"h":360,"gap":1531},{"y":8799,"h":320,"gap":1481}]
/tours/glacier-national-park/ dead 3380 of 11550 worstGap 1545 [{"y":5619,"h":580,"gap":1493},{"y":1739,"h":480,"gap":1545}]
/tours/oregon-south-tour/ dead 1300 of 9225 worstGap 1539 [{"y":9059,"h":340,"gap":1539},{"y":7259,"h":240,"gap":1302}]
/tours/trail-of-the-ancients/ dead 2440 of 13591 worstGap 1540 [{"y":11239,"h":340,"gap":1531},{"y":10859,"h":320,"gap":1481}]
/tours/national-parks-of-colorado/ dead 3120 of 14126 worstGap 1531 [{"y":10059,"h":380,"gap":1240},{"y":13959,"h":340,"gap":1514}]
/tours/railroads-of-the-old-west/ dead 3560 of 13720 worstGap 1582 [{"y":10479,"h":740,"gap":1531},{"y":9659,"h":380,"gap":1379}]
/tours/vore-buffalo-jump-and-the-black-hills-ancient-odysseys/ dead 2680 of 10335 worstGap 1531 [{"y":7559,"h":1080,"gap":1531},{"y":2499,"h":560,"gap":1218}]
/tours/arizona-adventure/ dead 3400 of 14368 worstGap 1541 [{"y":11239,"h":620,"gap":1531},{"y":7579,"h":440,"gap":1541}]
/tours/st-george-dinosaurs-ancient-odysseys/ dead 3440 of 11815 worstGap 1570 [{"y":8759,"h":1060,"gap":1481},{"y":3239,"h":560,"gap":1506}]
/tours/oahu-island-experience/ dead 2620 of 10299 worstGap 1593 [{"y":7399,"h":320,"gap":1481},{"y":10139,"h":320,"gap":1514}]
/tours/self-drive-best-of-the-southwest/ dead 1920 of 9558 worstGap 1555 [{"y":2699,"h":500,"gap":1427},{"y":5299,"h":500,"gap":1555}]
/tours/self-drive-tour-grand-circle/ dead 1740 of 9410 worstGap 1514 [{"y":2799,"h":440,"gap":1367},{"y":6639,"h":440,"gap":1475}]
/tours/self-drive-moab-adventure/ dead 3060 of 11067 worstGap 1559 [{"y":9139,"h":540,"gap":1302},{"y":3519,"h":500,"gap":1553}]
/tours/yosemite-sequoia-california-coast/ dead 2220 of 11419 worstGap 1531 [{"y":8199,"h":360,"gap":1481},{"y":7439,"h":320,"gap":1372}]
/tours/olympic-national-park-and-the-pacific-northwest/ dead 3460 of 11826 worstGap 1531 [{"y":8759,"h":840,"gap":1531},{"y":4659,"h":480,"gap":1509}]
/tours/canadian-atlantic-experience/ dead 4260 of 12881 worstGap 1531 [{"y":9699,"h":1320,"gap":1531},{"y":1599,"h":740,"gap":1484}]
/tours/route-66-eastbound/ dead 3040 of 18222 worstGap 1574 [{"y":4659,"h":520,"gap":1526},{"y":13859,"h":480,"gap":1574}]
/tours/route-66-westbound/ dead 3060 of 13454 worstGap 1574 [{"y":10099,"h":460,"gap":1574},{"y":5419,"h":440,"gap":1505}]
/tours/magnificent-alaska/ dead 3500 of 14265 worstGap 1566 [{"y":11099,"h":660,"gap":1531},{"y":1699,"h":600,"gap":1517}]
/tours/maui-hawaii-island-combo/ dead 3780 of 14166 worstGap 1546 [{"y":7939,"h":680,"gap":1542},{"y":1619,"h":460,"gap":1382}]
/trips/backpacking/ dead 540 of 2589 worstGap 1458 [{"y":2099,"h":660,"gap":1458}]
/tours/grand-circle-experience-tours-grand-canyon-national-park/ dead 2600 of 15789 worstGap 1553 [{"y":1719,"h":400,"gap":1553},{"y":9999,"h":340,"gap":1531}]
/trips/guided-small-group/ dead 1040 of 6040 worstGap 1458 [{"y":4819,"h":1100,"gap":1458}]
/trips/day-tour/ dead 480 of 3150 worstGap 1568 [{"y":2659,"h":460,"gap":1568}]
/trips/self-drive/ dead 980 of 2597 worstGap 1472 [{"y":1459,"h":1060,"gap":1472},{"y":2579,"h":180,"gap":1220}]
/trips/private-and-custom/ dead 480 of 2045 worstGap 1556 [{"y":1539,"h":440,"gap":1556},{"y":2039,"h":180,"gap":1094}]
/trips/rail-and-cruise/ dead 1100 of 3193 worstGap 1569 [{"y":2019,"h":1100,"gap":1569},{"y":3179,"h":180,"gap":1188}]
/trips/large-group/ dead 520 of 1999 worstGap 1458 [{"y":1539,"h":620,"gap":1458}]
/trips/winter/ dead 520 of 1999 worstGap 1458 [{"y":1539,"h":620,"gap":1458}]
/trips/special-event/ dead 580 of 1562 worstGap 1526 [{"y":839,"h":900,"gap":1526}]
/departing-from/salt-lake-city/ dead 1840 of 3590 worstGap 1583 [{"y":1619,"h":720,"gap":1557},{"y":1079,"h":520,"gap":820}]
/departing-from/las-vegas/ dead 1860 of 3009 worstGap 1557 [{"y":219,"h":1560,"gap":1557},{"y":2399,"h":520,"gap":1506}]
/departing-from/bryce/ dead 2380 of 2925 worstGap 1560 [{"y":219,"h":2660,"gap":1560}]
/departing-from/denver/ dead 680 of 1686 worstGap 1552 [{"y":1159,"h":700,"gap":1458},{"y":219,"h":300,"gap":1552}]
/departing-from/st-george/ dead 2020 of 2545 worstGap 1569 [{"y":219,"h":2500,"gap":1569}]
/departing-from/moab/ dead 1400 of 1885 worstGap 1557 [{"y":219,"h":1840,"gap":1557}]
/departing-from/phoenix/ dead 1360 of 1851 worstGap 1557 [{"y":219,"h":1800,"gap":1557}]
/departing-from/albuquerque/ dead 1340 of 1829 worstGap 1557 [{"y":219,"h":1780,"gap":1557}]
/departing-from/portland/ dead 1360 of 1829 worstGap 1552 [{"y":219,"h":1780,"gap":1552}]
/departing-from/san-francisco/ dead 1420 of 1885 worstGap 1576 [{"y":219,"h":1840,"gap":1576}]
/destinations/arches-canyonlands-national-parks/ dead 1380 of 5497 worstGap 1512 [{"y":4299,"h":880,"gap":1433},{"y":1019,"h":680,"gap":1512}]
/destinations/hikes-in-arches-national-park/ dead 2140 of 6435 worstGap 1548 [{"y":1019,"h":1460,"gap":1548},{"y":4239,"h":800,"gap":1540}]
/destinations/national-parks/ dead 1600 of 2736 worstGap 1536 [{"y":1019,"h":1880,"gap":1536}]
/destinations/bryce-canyon-national-park/ dead 1420 of 5549 worstGap 1503 [{"y":4359,"h":860,"gap":1433},{"y":1019,"h":740,"gap":1503}]
/destinations/badlands-national-park/ dead 1900 of 3767 worstGap 1526 [{"y":1019,"h":1840,"gap":1526},{"y":3479,"h":460,"gap":1221}]
/destinations/hikes-in-bryce-canyon-national-park/ dead 1640 of 5768 worstGap 1580 [{"y":1019,"h":1380,"gap":1580},{"y":4999,"h":440,"gap":1433}]
/destinations/capitol-reef-national-park/ dead 2100 of 4866 worstGap 1542 [{"y":3679,"h":1360,"gap":1433},{"y":2199,"h":860,"gap":1542}]
/destinations/hikes-in-capitol-reef-national-park/ dead 2220 of 4868 worstGap 1540 [{"y":1019,"h":1600,"gap":1540},{"y":4099,"h":940,"gap":1433}]
/destinations/colorado-national-parks/ dead 1300 of 3806 worstGap 1541 [{"y":3019,"h":960,"gap":1433},{"y":1019,"h":540,"gap":1519}]
/destinations/denali-national-park/ dead 2280 of 4262 worstGap 1497 [{"y":1019,"h":1840,"gap":1497},{"y":3479,"h":960,"gap":1433}]
/destinations/glacier-national-park/ dead 2260 of 4218 worstGap 1481 [{"y":1019,"h":1800,"gap":1481},{"y":3439,"h":940,"gap":1433}]
/destinations/devils-tower-national-monument/ dead 900 of 4373 worstGap 1527 [{"y":2519,"h":760,"gap":1527},{"y":1019,"h":300,"gap":1419}]
/destinations/hikes-in-grand-canyon-national-park/ dead 3580 of 7202 worstGap 1599 [{"y":1019,"h":2800,"gap":1599},{"y":4959,"h":840,"gap":1501}]
/destinations/grand-canyon-national-park/ dead 2440 of 6073 worstGap 1571 [{"y":2759,"h":1500,"gap":1571},{"y":4879,"h":860,"gap":1433}]
/destinations/grand-staircase-escalante-monument/ dead 1620 of 5041 worstGap 1579 [{"y":2779,"h":860,"gap":1501},{"y":1019,"h":640,"gap":1579}]
/destinations/hikes-in-mesa-verde-national-park/ dead 1660 of 4223 worstGap 1588 [{"y":1019,"h":1440,"gap":1588},{"y":3939,"h":460,"gap":1221}]
/destinations/mesa-verde-national-park/ dead 1680 of 4287 worstGap 1541 [{"y":3599,"h":860,"gap":1420},{"y":2199,"h":780,"gap":1541}]
/destinations/monument-valley/ dead 1180 of 3723 worstGap 1501 [{"y":2059,"h":760,"gap":1501},{"y":3439,"h":460,"gap":1221}]
/destinations/mount-rushmore-national-monument/ dead 2020 of 3847 worstGap 1419 [{"y":1019,"h":1920,"gap":1419},{"y":3559,"h":460,"gap":1221}]
/destinations/sequoia-kings-canyon-national-parks/ dead 2220 of 4131 worstGap 1532 [{"y":1019,"h":2200,"gap":1532},{"y":3839,"h":460,"gap":1221}]
/destinations/volcano-national-park/ dead 3500 of 5535 worstGap 1529 [{"y":1019,"h":3420,"gap":1529},{"y":5139,"h":560,"gap":1433}]
/destinations/yellowstone-grand-teton/ dead 2320 of 5162 worstGap 1586 [{"y":1019,"h":1340,"gap":1586},{"y":2919,"h":840,"gap":1503}]
/destinations/yosemite-national-park/ dead 1960 of 4449 worstGap 1536 [{"y":2039,"h":1500,"gap":1536},{"y":1019,"h":460,"gap":1496}]
/destinations/zion-national-park/ dead 3280 of 7595 worstGap 1534 [{"y":1019,"h":2780,"gap":1534},{"y":6399,"h":880,"gap":1433}]
/destinations/hikes-in-zion-national-park/ dead 2300 of 6552 worstGap 1588 [{"y":1019,"h":2160,"gap":1588},{"y":5779,"h":440,"gap":1433}]
/destinations/alaska/ dead 2260 of 4562 worstGap 1581 [{"y":1019,"h":2140,"gap":1581},{"y":3779,"h":460,"gap":1433}]
/destinations/arizona/ dead 2000 of 5526 worstGap 1551 [{"y":2659,"h":1460,"gap":1548},{"y":1019,"h":500,"gap":1551}]
/destinations/colorado/ dead 2580 of 5651 worstGap 1509 [{"y":1019,"h":1260,"gap":1509},{"y":4879,"h":940,"gap":1433}]
/destinations/california/ dead 1840 of 4337 worstGap 1501 [{"y":2039,"h":1380,"gap":1501},{"y":1019,"h":460,"gap":1419}]
/destinations/montana/ dead 2440 of 4461 worstGap 1556 [{"y":1019,"h":2040,"gap":1556},{"y":3679,"h":960,"gap":1433}]
/destinations/hawaii/ dead 4080 of 6117 worstGap 1545 [{"y":1019,"h":4000,"gap":1545},{"y":5719,"h":560,"gap":1433}]
/destinations/nevada/ dead 1500 of 3405 worstGap 1566 [{"y":1059,"h":1440,"gap":1566},{"y":3119,"h":460,"gap":814}]
/destinations/south-dakota/ dead 2180 of 4037 worstGap 1572 [{"y":1019,"h":2120,"gap":1572},{"y":3759,"h":440,"gap":1221}]
/destinations/utah/ dead 1740 of 3701 worstGap 1500 [{"y":1059,"h":1740,"gap":1500},{"y":3419,"h":460,"gap":814}]
/destinations/new-mexico/ dead 1840 of 4399 worstGap 1522 [{"y":1059,"h":1640,"gap":1522},{"y":3519,"h":560,"gap":1433}]
/destinations/wyoming/ dead 1900 of 4888 worstGap 1576 [{"y":2039,"h":1440,"gap":1576},{"y":1019,"h":460,"gap":1518}]
/destinations/oregon/ dead 1820 of 4414 worstGap 1533 [{"y":3639,"h":940,"gap":1433},{"y":2279,"h":740,"gap":1501}]
/destinations/washington/ dead 2000 of 3751 worstGap 1524 [{"y":1019,"h":1840,"gap":1524},{"y":3359,"h":560,"gap":1433}]
/about/ dead 1660 of 6912 worstGap 1537 [{"y":5759,"h":1320,"gap":1537},{"y":1839,"h":280,"gap":1053}]
/contact/ dead 720 of 2262 worstGap 1138 [{"y":1379,"h":360,"gap":1028},{"y":999,"h":340,"gap":1102}]
/guides/ dead 360 of 2082 worstGap 1516 [{"y":1919,"h":340,"gap":816},{"y":599,"h":140,"gap":1496}]
/travel-professionals/ dead 360 of 1457 worstGap 1084 [{"y":899,"h":260,"gap":1084},{"y":1199,"h":100,"gap":1043}]
/group-travel/ dead 320 of 2183 worstGap 1575 [{"y":1479,"h":340,"gap":1575},{"y":2139,"h":220,"gap":1368}]
/privacy-policy/ dead 4820 of 5453 worstGap 1227 [{"y":219,"h":5400,"gap":1227}]
/trip-protection/ dead 320 of 1976 worstGap 1123 [{"y":1959,"h":180,"gap":695},{"y":1799,"h":120,"gap":661}]
/archive/ dead 1140 of 25964 worstGap 1555 [{"y":9479,"h":480,"gap":1328},{"y":639,"h":140,"gap":1341}]
/guides/coronavirus-policy-prevention/ dead 520 of 1173 worstGap 1086 [{"y":499,"h":840,"gap":1086}]
/guides/faqs/ dead 2480 of 3397 worstGap 1213 [{"y":439,"h":3120,"gap":1213}]
/guides/newsletter/ dead 180 of 1073 worstGap 1086 [{"y":439,"h":200,"gap":1058},{"y":1059,"h":180,"gap":1086}]
/guides/packing-list/ dead 3900 of 4857 worstGap 1187 [{"y":439,"h":4580,"gap":1187}]
/guides/testimonials-and-reviews/ dead 1300 of 7230 worstGap 1425 [{"y":6639,"h":760,"gap":1316},{"y":3499,"h":320,"gap":906}]
/guides/national-park-entry-fees-for-international-visitors/ dead 4160 of 5334 worstGap 1217 [{"y":599,"h":4900,"gap":1217}]
/guides/transportation/ dead 1260 of 2057 worstGap 1086 [{"y":599,"h":1620,"gap":1086}]
/guides/canadian-rockies-glacier-national-park-sample-itinerary/ dead 5680 of 7379 worstGap 1154 [{"y":599,"h":6320,"gap":1154},{"y":7359,"h":180,"gap":1086}]
/guides/northern-california-self-drive-sample-itinerary/ dead 5880 of 7621 worstGap 1215 [{"y":599,"h":6560,"gap":1215},{"y":7599,"h":200,"gap":1086}]
/guides/grand-canyon-and-sedona-sample-itinerary/ dead 3000 of 4635 worstGap 1208 [{"y":599,"h":3580,"gap":1208},{"y":4619,"h":180,"gap":1086}]
/guides/new-york-new-england-sample-itinerary/ dead 4040 of 5630 worstGap 1195 [{"y":599,"h":4560,"gap":1195},{"y":5619,"h":180,"gap":1086}]
/guides/ancient-odysseys/ dead 520 of 1202 worstGap 1205 [{"y":559,"h":820,"gap":1205}]
/about/ann-evans/ dead 100 of 637 worstGap 1100 [{"y":219,"h":120,"gap":1100}]
/guides/mighty-5-and-more-sample-itinerary/ dead 2800 of 4487 worstGap 1215 [{"y":599,"h":3420,"gap":1215},{"y":4459,"h":200,"gap":1086}]
/about/chris-vander-wilt/ dead 180 of 975 worstGap 1059 [{"y":959,"h":180,"gap":906},{"y":219,"h":120,"gap":1059}]
/about/dennis-bailey/ dead 100 of 703 worstGap 1081 [{"y":219,"h":120,"gap":1081}]
/about/jason-murray/ dead 180 of 710 worstGap 1080 [{"y":699,"h":180,"gap":920},{"y":219,"h":120,"gap":1080}]
/about/julie-burton-ray/ dead 140 of 665 worstGap 1063 [{"y":659,"h":180,"gap":654},{"y":219,"h":120,"gap":1063}]
/about/kirk-douglass/ dead 220 of 782 worstGap 1079 [{"y":759,"h":200,"gap":949},{"y":219,"h":120,"gap":1079}]
/about/phil-douglass/ dead 200 of 958 worstGap 1081 [{"y":939,"h":180,"gap":785},{"y":219,"h":120,"gap":1081}]
/about/robin-luse/ dead 240 of 871 worstGap 1095 [{"y":219,"h":120,"gap":1095}]
/about/shawn-horman/ dead 160 of 848 worstGap 1072 [{"y":839,"h":180,"gap":936},{"y":219,"h":120,"gap":1072}]
/about/shybree-richens/ dead 140 of 620 worstGap 1060 [{"y":599,"h":200,"gap":629},{"y":219,"h":120,"gap":1060}]
/journal/the-ultimate-four-season-guide-to-utahs-mighty-5/ dead 8340 of 10828 worstGap 1233 [{"y":799,"h":8600,"gap":1233},{"y":9959,"h":500,"gap":1083}]
/journal/ dead 40 of 3551 worstGap 1520 [{"y":599,"h":100,"gap":1520}]
/journal/peak-planning-for-the-peaks/ dead 2380 of 3740 worstGap 1197 [{"y":799,"h":2700,"gap":1197},{"y":3559,"h":160,"gap":586}]
/journal/grand-canyon-north-rim-a-guide-to-trails-views-and-natures-resurgence/ dead 6520 of 8069 worstGap 1208 [{"y":799,"h":6660,"gap":1208},{"y":7819,"h":420,"gap":1116}]
/journal/denali-national-park-history-landscapes-and-culture/ dead 5280 of 6708 worstGap 1236 [{"y":799,"h":6080,"gap":1236}]
/journal/retracing-human-and-earth-history-on-the-grand-circle/ dead 4720 of 6086 worstGap 1215 [{"y":799,"h":5100,"gap":1215}]
/journal/navigating-the-airline-bag-fee-hikes-what-you-need-to-know/ dead 3240 of 4775 worstGap 1214 [{"y":799,"h":3600,"gap":1214},{"y":4439,"h":160,"gap":1116}]
/journal/why-the-grand-canyon-escalante-route-is-the-ultimate-backpacking-test/ dead 3240 of 4619 worstGap 1177 [{"y":799,"h":3220,"gap":1177},{"y":4279,"h":500,"gap":1116}]
/journal/5-things-you-cant-miss-in-glacier-national-park/ dead 6580 of 7932 worstGap 1223 [{"y":799,"h":7300,"gap":1223}]
/journal/traveling-to-europe-in-2026-how-the-new-ees-digital-border-will-affect-you/ dead 2980 of 4273 worstGap 1217 [{"y":799,"h":3460,"gap":1217}]
/journal/your-best-backcountry-trip-starts-with-a-guide/ dead 1880 of 3183 worstGap 1204 [{"y":799,"h":2200,"gap":1204}]
/journal/announcing-our-new-olympic-national-park-and-the-pacific-northwest-tour/ dead 5440 of 6522 worstGap 1219 [{"y":799,"h":5900,"gap":1219}]
/journal/arches-national-park-entry-update-2026-what-travelers-need-to-know/ dead 4300 of 5688 worstGap 1190 [{"y":799,"h":4280,"gap":1190},{"y":5439,"h":420,"gap":1116}]
/journal/take-part-in-route-66-history/ dead 3960 of 5149 worstGap 1215 [{"y":799,"h":4520,"gap":1215}]
/journal/ultimate-winter-playground-7-reasons-yellowstone-the-tetons-shine-in-the-snow/ dead 3980 of 5496 worstGap 1190 [{"y":799,"h":4120,"gap":1190},{"y":5159,"h":500,"gap":1116}]
/journal/a-rare-wildflower-season-in-death-valley/ dead 3620 of 4905 worstGap 1199 [{"y":799,"h":4280,"gap":1199}]
/journal/utah-national-park-visitation-in-2025-what-happened-and-what-it-means-for-2026-travel/ dead 7200 of 8921 worstGap 1204 [{"y":799,"h":7760,"gap":1204}]
/journal/zions-new-tunnel-restrictions-are-here-what-tour-operators-need-to-know/ dead 3300 of 4714 worstGap 1234 [{"y":799,"h":3540,"gap":1234},{"y":4379,"h":160,"gap":1116}]
/journal/best-national-parks-to-visit-in-the-fall/ dead 6940 of 8454 worstGap 1185 [{"y":799,"h":7480,"gap":1185}]
/journal/culture-connection-and-the-hawaiian-way/ dead 3340 of 4482 worstGap 1188 [{"y":799,"h":3860,"gap":1188}]
/journal/no-more-shoe-hassle-at-tsa-what-it-means-for-your-next-southwest-tour/ dead 1740 of 2962 worstGap 1200 [{"y":799,"h":1980,"gap":1200}]
/journal/discovering-grand-teton-national-park/ dead 4560 of 5894 worstGap 1144 [{"y":799,"h":4480,"gap":1144},{"y":5559,"h":500,"gap":1116}]
/journal/tides-trails-and-timeless-charm-discover-the-canadian-atlantic-experience/ dead 5080 of 6385 worstGap 1217 [{"y":799,"h":5760,"gap":1217}]
/journal/kolob-canyon-the-zion-secret-most-tours-miss/ dead 4800 of 6326 worstGap 1225 [{"y":799,"h":5160,"gap":1225}]
/journal/texas-a-keystone-state-in-american-history/ dead 1940 of 3173 worstGap 1083 [{"y":799,"h":2540,"gap":1083}]
/journal/the-mysterious-northern-lights/ dead 2060 of 3426 worstGap 1198 [{"y":799,"h":2440,"gap":1198}]
/journal/your-guide-to-fall-colors-in-the-southwest/ dead 2760 of 4412 worstGap 1211 [{"y":799,"h":3240,"gap":1211}]
/journal/canyons-of-the-escalante-a-geological-and-hiking-odyssey/ dead 2880 of 4092 worstGap 1214 [{"y":799,"h":3460,"gap":1214}]
/journal/meet-our-guide-dave-showalter/ dead 2120 of 3497 worstGap 1211 [{"y":799,"h":2340,"gap":1211},{"y":3159,"h":160,"gap":1116}]
/journal/wonder-and-worry-documentary-filmmaking-on-our-private-yellowstone-tour/ dead 2280 of 3490 worstGap 1225 [{"y":799,"h":2120,"gap":1225},{"y":3239,"h":420,"gap":1116}]
/journal/meet-our-guide-larry-hansen/ dead 1360 of 2536 worstGap 1167 [{"y":799,"h":1560,"gap":1167}]
/journal/meet-our-guide-christopher-vander-wilt/ dead 1140 of 2309 worstGap 1231 [{"y":799,"h":1340,"gap":1231}]
/journal/southwest-adventure-tours-10-year-anniversary/ dead 3040 of 4197 worstGap 1210 [{"y":799,"h":3220,"gap":1210}]
/journal/chena-hot-springs-experience/ dead 7160 of 8865 worstGap 1209 [{"y":799,"h":7880,"gap":1209}]
/journal/meet-our-guide-wynn-hall/ dead 1420 of 2591 worstGap 1227 [{"y":799,"h":1620,"gap":1227}]
/journal/david-beach-alaska-tour-guide/ dead 2200 of 3548 worstGap 1205 [{"y":799,"h":2580,"gap":1205}]
/journal/bryce-canyon-in-the-snow/ dead 8000 of 9629 worstGap 1228 [{"y":799,"h":8220,"gap":1228},{"y":9379,"h":420,"gap":1116}]
/journal/meet-our-guide-ann-evans/ dead 1800 of 3229 worstGap 1167 [{"y":799,"h":2060,"gap":1167}]
/journal/exploring-the-last-frontier-my-alaskan-adventure/ dead 8800 of 10548 worstGap 1204 [{"y":799,"h":9580,"gap":1204}]
/journal/a-journey-down-historic-route-66-a-nostalgic-trip-through-time/ dead 1760 of 2921 worstGap 1116 [{"y":799,"h":2300,"gap":1116}]
/journal/meet-our-guide-haydee-schabelski/ dead 1360 of 2365 worstGap 1203 [{"y":659,"h":1520,"gap":1203}]
/journal/meet-our-guide-adam-bath/ dead 1260 of 2517 worstGap 1228 [{"y":799,"h":1540,"gap":1228}]
/journal/meet-our-guide-kim-palmer/ dead 1640 of 2651 worstGap 1167 [{"y":619,"h":1860,"gap":1167}]
/journal/meet-our-guide-wayne-parker/ dead 2660 of 3990 worstGap 1192 [{"y":799,"h":2600,"gap":1192},{"y":3739,"h":420,"gap":1116}]
/journal/zion-entrance-project/ dead 1520 of 2929 worstGap 1116 [{"y":799,"h":1760,"gap":1083}]
